;Run LES Case
;Journal file (TUI commands) for fluent LES case execution on a HPC (Linux) by Ravindu Ranaweera (https://github.com/ItsJustRav)
;Tested on ANSYS2021R1
;Lines starting with ";" are comments
;Batch loading options (confirm overwrite, hide questions, exit on error, re-display question)
/file/set-batch-options no yes yes no
;Read case and data
/file/read-case-data AB25_Iso_FW_LES_FWH.cas.h5
;Mesh info and memory usage
/mesh/memory-usage
;File saving frequency and file naming
/file/auto-save data-frequency 1
/file/auto-save append-file-name-with time-step 6
;Initialize using velocity-inlet <inlet_name>
/solve/initialize/compute-defaults/velocity-inlet velocity_inlet
/solve/initialize/initialize-flow
;Initialize accoustics and ramping
;/solve/initialize/init-acoustics-options yes 100000
;Save residuals to file
/plot/residuals-set/plot-to-file "residuals.out" 
;Timestep size
/solve/set/time-step 0.001
;Timesteps and max iterations per timestemp
/solve/dual-time-iterate 200 25
;Write the final output (also there with autosave)
/file/write-case-data AB25_Iso_FW_les_out.dat
;Performance information
/parallel/timer/usage
exit
